select count(*) from shopping_list_recipe_view;
 count 
-------
     2
(1 row)

